// Jest Snapshot v1, https://jestjs.io/docs/snapshot-testing

exports[`Header matches snapshot 1`] = `
<DocumentFragment>
  <header
    class="MuiPaper-root MuiPaper-elevation MuiPaper-elevation4 MuiAppBar-root MuiAppBar-colorPrimary MuiAppBar-positionStatic css-ptdwpq-MuiPaper-root-MuiAppBar-root"
    style="--Paper-shadow: 0px 2px 4px -1px rgba(0,0,0,0.2),0px 4px 5px 0px rgba(0,0,0,0.14),0px 1px 10px 0px rgba(0,0,0,0.12);"
  >
    <div
      class="MuiToolbar-root MuiToolbar-gutters MuiToolbar-regular css-1ygil4i-MuiToolbar-root"
    >
      <svg
        aria-hidden="true"
        class="MuiSvgIcon-root MuiSvgIcon-fontSizeMedium css-i57gl5-MuiSvgIcon-root"
        data-testid="EnergySavingsLeafIcon"
        focusable="false"
        viewBox="0 0 24 24"
      >
        <path
          d="M12 3c-4.8 0-9 3.86-9 9 0 2.12.74 4.07 1.97 5.61L3 19.59 4.41 21l1.97-1.97C7.93 20.26 9.88 21 12 21c2.3 0 4.61-.88 6.36-2.64C20.12 16.61 21 14.3 21 12V3zm3.83 9.26-5.16 4.63c-.16.15-.41.14-.56-.01-.14-.14-.16-.36-.04-.52l2.44-3.33-4.05-.4c-.44-.04-.63-.59-.3-.89l5.16-4.63c.16-.15.41-.14.56.01.14.14.16.36.04.52l-2.44 3.33 4.05.4c.45.04.63.59.3.89"
        />
      </svg>
      <h6
        class="MuiTypography-root MuiTypography-h6 css-1bv5yfe-MuiTypography-root"
      >
        EcoTrack
      </h6>
    </div>
  </header>
</DocumentFragment>
`;
